client.wns.windows.com
fe3cr.delivery.mp.microsoft.com
login.live.com
displaycatalog.mp.microsoft.com
xsts.auth.xboxlive.com
slscr.update.microsoft.com
update.xboxlive.com
www.msftconnecttest.com
copilot.microsoft.com
ocsp.digicert.com
cert.mgt.xboxlive.com
notify.xboxlive.com
x2.c.lencr.org
ctldl.windowsupdate.com
x1.c.lencr.org
settings-win.data.microsoft.com
xbaccessories-bhf7bsbfgxdpbrg4.b02.azurefd.net
arc.msn.com
xbox-guide-public.rec.mp.microsoft.com
catalog.gamepass.com
xflight.xboxlive.com
licensing.mp.microsoft.com
editorial.xboxlive.com
xkms.xboxlive.com
www.xboxab.com
title.auth.xboxlive.com
title.mgt.xboxlive.com
xbox.ipv6.microsoft.com
device.auth.xboxlive.com
instance.mgt.xboxlive.com
achievements.xboxlive.com
v10.events.data.microsoft.com
clubhub.xboxlive.com
peoplehub.xboxlive.com
userpresence.xboxlive.com
titlestorage.xboxlive.com
assets1.xboxlive.com
v20.events.data.microsoft.com
store-images.s-microsoft.com
collections.mp.microsoft.com
pti.store.microsoft.com
comments.xboxlive.com
gameclipscontent-d3004.media.xboxlive.com
images-eds-ssl.xboxlive.com
images-eds.xboxlive.com
privacy.xboxlive.com
rta.xboxlive.com
sessiondirectory.xboxlive.com
usertitles.xboxlive.com
packages.xboxlive.com
titlestoragecus0103.blob.core.windows.net
titlehub.xboxlive.com
fs.microsoft.com
ipv6.msftconnecttest.com
store-images.microsoft.com
collections.md.mp.microsoft.com
user.auth.xboxlive.com
pmservices.cp.microsoft.com
profile.xboxlive.com
silver.xboxservices.com
storecatalogrevocation.storequality.microsoft.com
res.public.onecdn.static.microsoft
activity.windows.com
continuum.dds.microsoft.com
streaming.xboxlive.com
query.prod.cms.rt.microsoft.com
avty.xboxlive.com
dlassets-ssl.xboxlive.com
notificationinbox.xboxlive.com
xblmessaging.xboxlive.com
userstats.xboxlive.com
eplists.xboxlive.com
avatarv3.xboxlive.com
accounts.xboxlive.com
social.xboxlive.com
notifier.xboxlive.com
at.atwola.com
musicart.xboxlive.com
xgrant.xboxlive.com
xnotify.xboxlive.com
ocsp.usertrust.com
nav.smartscreen.microsoft.com
graph.microsoft.com
leaderboards.xboxlive.com
aqua.xboxservices.com
mediadata.xboxlive.com
catalog.gamepass.com
roxy.azurefd.net
a-ring-fallback.msedge.net
l-ring.msedge.net
userpresence.xboxlive.com
t-ring-s2.msedge.net
arm-ring.msedge.net
prod.client.wosc.services.microsoft.com
www.bing.com
cxcs.microsoft.net
settings-win.data.microsoft.com
arc-ring.msedge.net
a-ring.msedge.net
checkappexec.microsoft.com
login.live.com
graph.microsoft.com
www.microsoft.com
go.microsoft.com
ecn.dev.virtualearth.net
dev.virtualearth.net
v10.events.data.microsoft.com
v20.events.data.microsoft.com
copilot.microsoft.com
edge.microsoft.com
storeedgefd.dsx.mp.microsoft.com
activity.windows.com
fpt2.microsoft.com
browser.events.data.microsoft.com
cart.production.store-web.dynamics.com
fpt.microsoft.com
self.events.data.microsoft.com
img-prod-cms-rt-microsoft-com.akamaized.net
xip-registration.xboxlive.com
eplists.xboxlive.com
store-images.s-microsoft.com
gaminglppc.azurefd.net
clubhub-public.xboxlive.com
ris.api.iris.microsoft.com
achievements.xboxlive.com
oneocsp.microsoft.com
streaming.xboxlive.com
avty.xboxlive.com
fe3cr.delivery.mp.microsoft.com
updatepc.xboxlive.com
query.prod.cms.rt.microsoft.com
notificationinbox.xboxlive.com
chat.xboxlive.com
privacy.xboxlive.com
rta.xboxlive.com
xblmessaging.xboxlive.com
inbox.assist.gameservices.xboxlive.com
xhome.gssv-play-prod.xboxlive.com
titlehub.xboxlive.com
gamingcontext.xboxlive.com
arc.msn.com
purchase.mp.microsoft.com
images-eds-ssl.xboxlive.com
xccs.xboxlive.com
t-ring-fdv2.msedge.net
peoplehub.xboxlive.com
xnotify.xboxlive.com
beige.xboxservices.com
displaycatalog.mp.microsoft.com
title.mgt.xboxlive.com
dlassets-ssl.xboxlive.com
ctldl.windowsupdate.com
licensing.mp.microsoft.com
xsts.auth.xboxlive.com
assets.activity.windows.com
assets1.xboxlive.com
geover.prod.do.dsp.mp.microsoft.com
cp601.prod.do.dsp.mp.microsoft.com
kv601.prod.do.dsp.mp.microsoft.com
uks.core.gssv-play-prodxhome.xboxlive.com
wdcp.microsoft.com
t-ring-fallbacks2.msedge.net
p-ring.msedge.net
r.bing.com
www2.bing.com
userstats.xboxlive.com
my.microsoftpersonalcontent.com
bx-ring.msedge.net
th.bing.com
b-ring.msedge.net
teams-ring.msedge.net
prod-azurecdn-akamai-iris.azureedge.net
res.public.onecdn.static.microsoft
syd27prdapp01-canary-opaph.netmon.azure.com
fp-afd-nocache.azureedge.net
slscr.update.microsoft.com
ow1.res.office365.com
osl20prdapp02-canary-opaph.netmon.azure.com
t-ring-s.msedge.net
ax-ring.msedge.net
dual-s-ring.msedge.net
fp.msedge.net
k-ring.msedge.net
mcr-ring.msedge.net
fb-unicast.msedge.net
geo.prod.do.dsp.mp.microsoft.com
packagespc.xboxlive.com
images-eds.xboxlive.com
bingwallpaper.microsoft.com
downloadinfo.azurewebsites.net
mobile.events.data.microsoft.com
ecs.office.com
g.live.com
substrate.office.com
190165-ipv4.gr.global.aa-rt.sharepoint.com
functional.events.data.microsoft.com
static.edge.microsoftapp.net
edge-consumer-static.azureedge.net
1fe032951f54734a95cdaf3d23bbb77e.clo.footprintdns.com
nav-edge.smartscreen.microsoft.com
www.bingapis.com
prod-westeurope.access-point.cloudmessaging.edge.microsoft.com
prod.rewardsplatform.microsoft.com
t-ring-fallback.msedge.net
spo-ring.msedge.net
static-ecst.licdn.com
phx10prdapp01-canary-opaph.netmon.azure.com
roaming.officeapps.live.com
nexusrules.officeapps.live.com
contentsync.onenote.com
hierarchyapi.onenote.com
ocws.officeapps.live.com
www.onenote.com
support.content.office.net
officeclient.microsoft.com
t-ring.msedge.net
fp-vs.azureedge.net
bing.com
dns.msftncsi.com
ipv6.msftconnecttest.com
config.edge.skype.com
pmservices.cp.microsoft.com
device.auth.xboxlive.com
consent.config.office.com
tlu.dl.delivery.mp.microsoft.com
dl.delivery.mp.microsoft.com
cp501.prod.do.dsp.mp.microsoft.com
pti.store.microsoft.com
download.windowsupdate.com
2.au.download.windowsupdate.com
kv501.prod.do.dsp.mp.microsoft.com
tsfe.trafficshaping.dsp.mp.microsoft.com
xboxlive.com
g.bing.com
msedge.api.cdp.microsoft.com
assets.msn.com
fe2cr.update.microsoft.com
skyapi.live.net
continuum.dds.microsoft.com
wac-ring.msedge.net
api.msn.com
amd-keyid-578c545f796951421221a4a578acdb5f682f89c8.microsoftaik.azure.net
s-ring.msedge.net
fp-afd.azureedge.us
spo-ring-fallback.msedge.net
fp-afd-nocache-ccp.azureedge.net
browser.pipe.aria.microsoft.com
tring.clo.footprintdns.com
msedge.b.tlu.dl.delivery.mp.microsoft.com
fp-vs-nocache.azureedge.net
xpaywalletcdn.azureedge.net
mucp.api.account.microsoft.com
q-ring-fallback.msedge.net
fp-vp-nocache.azureedge.net
c-ring.msedge.net
odc.officeapps.live.com
bgappservices.microsoft.com
maps.windows.com
cdn.ziffstatic.com
cs.dds.microsoft.com
fd.api.iris.microsoft.com
storecatalogrevocation.storequality.microsoft.com
bingwallpaperimages.azureedge.net
g.ceipmsn.com
collections.md.mp.microsoft.com
aadcdn.msftauth.net
aadcdn.msauth.net
definitionupdates.microsoft.com
srtb.msn.com
js.monitor.azure.com
login.microsoftonline.com
mem.gfx.ms
browser.events.data.msn.com
c.bing.com
c.msn.com
www.msn.com
www.msftconnecttest.com
disc601.prod.do.dsp.mp.microsoft.com
win1910.ipv6.microsoft.com
1d472157802c06802dd2d785277bf81b.clo.footprintdns.com
oloobe-prod-cdn-storage.azureedge.net
cdnjs.cloudflare.com
oloobe.officeapps.live.com
nav.smartscreen.microsoft.com
web.vortex.data.microsoft.com
sdx.microsoft.com
array621.prod.do.dsp.mp.microsoft.com
tile-service.weather.microsoft.com
service.weather.microsoft.com
t-ring-fallback-s2.msedge.net
abddc0ddcc640223b1572daccf1151a7.clo.footprintdns.com
fp-afd.azureedge.net
www.xboxab.com
afdxtest.z01.azurefd.net
9fe094f6f67cbb032a9770c52ac403c9.clo.footprintdns.com
watson.events.data.microsoft.com
paymentinstruments.mp.microsoft.com
jcmsfd.account.microsoft.com
universalstore.streaming.mediaservices.windows.net
store-images.microsoft.com
da.xboxservices.com
user.auth.xboxlive.com
bat.bing.com
title.auth.xboxlive.com
p-ring-fallback.msedge.net
t-ring-fallbacks1.msedge.net
mil21prdapp02-canary.netmon.azure.com
3.au.download.windowsupdate.com
sisu.xboxlive.com
array513.prod.do.dsp.mp.microsoft.com
disc501.prod.do.dsp.mp.microsoft.com
fs.microsoft.com
fp-afdx-bpdee4gtg6frejfd.z01.azurefd.net
msedge.f.dl.delivery.mp.microsoft.com
c28525223199f32f592a25f72ce0860f.clo.footprintdns.com
