# REZKA
hdrezka.sh
hdrezka.tv
104.21.82.106
172.67.156.95
hdrezka.me
82.221.104.147
hdrezka.org
rezka.ag
82.221.104.145
hdrezka.ag
82.221.104.146
rezka.fi
.voidboost.cc
.cc
.voidboost.in
stream.voidboost.cc
mortis.stream.voidboost.cc
elvis.sambray.org
natrium.sambray.org
sambray.org
kinopub.me
natrium.zerocdn.com
zerocdn.com
elvis.zerocdn.com
185.190.189.251
# TMBD
themoviedb.org
image.tmdb.org
tmdb.org
www.themoviedb.org
www.tmdb.org
www.image.tmdb.org
# Spotify
spotify.com
www.spotify.com
byspotify.com
pscdn.co
scdn.co
spoti.fi
spotify-everywhere.com
spotify.com
spotify.design
spotifycdn.com
spotifycdn.net
spotifycharts.com
spotifycodes.com
spotifyforbrands.com
spotifyjobs.com
spotify.com
scdn.co
spotifycdn.com
spotilocal.com
spotifycdn.net
pscdn.co
spotifynewsroom.jp
audio-ak-spotify-com.akamaized.net
audio4-ak-spotify-com.akamaized.net
cdn-spotify-experiments.conductrics.com
heads-ak-spotify-com.akamaized.net
heads4-ak-spotify-com.akamaized.net
spotify.com.edgesuite.net
spotify.map.fastly.net
spotify.map.fastlylb.net
open.spotify.com
#Ai Unblock
chatgpt.com
ab.chatgpt.com
auth.openai.com
auth0.openai.com
platform.openai.com
cdn.oaistatic.com
files.oaiusercontent.com
cdn.auth0.com
tcr9i.chat.openai.com
webrtc.chatgpt.com
android.chat.openai.com
gemini.google.com
aistudio.google.com
generativelanguage.googleapis.com
alkalimakersuite-pa.clients6.google.com
copilot.microsoft.com
sydney.bing.com
edgeservices.bing.com
claude.ai
aitestkitchen.withgoogle.com
aisandbox-pa.googleapis.com
o.pki.goog
speechs3proto2-pa.googleapis.com
update.googleapis.com
# Other
nnmstatic.win
static.rutracker.cc
cwer.ws
cwer.ru
www.cwer.ws
www.cwer.ru
forum.ru-board.com
openweathermap.org
api.openweathermap.org
188.226.167.103
app.m3u.in
4pna.com
4pda.to
31.131.253.250
4pda.ru
4pda.ws
178.248.237.68
habr.com
riperam.org
autohome.org.ua
2ip.io
2ip.ua
4pda.ws
#YouTube
googlevideo.com
ggpht.com
ytimg.com
youtube.com
play.google.com
youtu.be
googleapis.com
googleusercontent.com
gstatic.com
l.google.com
# Discord
dis.gd
discord-activities.com
discord.co
discord.com
discord.design
discord.dev
discord.gg
discord.gift
discord.gifts
discord.media
discord.new
discord.store
discord.tools
discordactivities.com
discordapp.com
discordapp.net
discordcdn.com
discordmerch.com
discordpartygames.com
discordsays.com
discordsez.com
discordstatus.com
104.16.0.0/12
13.24.0.0/13
13.32.0.0/12
13.48.0.0/13
13.56.0.0/14
143.204.0.0/16
162.158.0.0/15
172.64.0.0/13
18.128.0.0/9
18.32.0.0/11
18.64.0.0/10
188.114.96.0/22
204.11.56.0/23
23.227.32.0/19
3.128.0.0/9
# Discord voice
138.128.136.0/21
162.158.0.0/15
172.64.0.0/13
34.0.0.0/15
34.2.0.0/16
34.3.0.0/23
34.3.2.0/24
35.192.0.0/12
35.208.0.0/12
35.224.0.0/12
35.240.0.0/13
5.200.14.128/25
66.22.192.0/18
#Meta
instagram.com
31.13.24.0/21
31.13.64.0/18
45.64.40.0/22
57.141.0.0/24
57.141.3.0/24
57.141.5.0/24
57.141.7.0/24
57.141.8.0/24
57.141.10.0/24
57.141.13.0/24
57.144.0.0/14
66.220.144.0/20
69.63.176.0/20
69.171.224.0/19
74.119.76.0/22
102.132.96.0/20
103.4.96.0/22
129.134.0.0/17
157.240.0.0/17
157.240.192.0/18
163.70.128.0/17
173.252.64.0/18
179.60.192.0/22
185.60.216.0/22
185.89.216.0/22
204.15.20.0/22
i.instagram.com
gateway.instagram.com
157.240.14.175
31.13.67.20
129.134.177.164
#Twitter
64.63.0.0/18
69.195.160.0/19
103.252.112.0/22
104.244.40.0/23
104.244.42.0/24
104.244.44.0/22
188.64.224.0/21
192.133.76.0/22
199.16.156.0/22
199.59.148.0/22
199.96.56.0/23
202.160.128.0/22
209.237.192.0/19
# OpenAI  
ab.chatgpt.com  
android.chat.openai.com  
auth.openai.com  
auth0.openai.com  
cdn.auth0.com  
cdn.oaistatic.com  
chatgpt.com  
files.oaiusercontent.com  
platform.openai.com  
tcr9i.chat.openai.com  
webrtc.chatgpt.com  
# Google 
play.google.com
gvt1.com
gvt2.com
gvt3.com
ggpht.com
dl.google.com
dl-ssl.google.com
android.apis.google.com
android.clients.google.com
ai.google.dev
alkalimakersuite-pa.clients6.google.com
makersuite.google.com
bard.google.com
deepmind.com
deepmind.google
gemini.google.com
generativeai.google
proactivebackend-pa.googleapis.com
apis.google.com
aistudio.google.com  
aitestkitchen.withgoogle.com  
alkalimakersuite-pa.clients6.google.com  
assistant-s3-pa.googleapis.com  
assistantfrontend-pa.googleapis.com  
firebaseinstallations.googleapis.com  
aisandbox-pa.googleapis.com  
gemini.google.com  
geller-pa.googleapis.com  
labs.google  
generativelanguage.googleapis.com  
lamssettings-pa.googleapis.com  
notebooklm.google  
notebooklm.google.com  
notifications-pa.googleapis.com  
o.pki.goog  
proactivebackend-pa.googleapis.com  
searchnotifications-pa.googleapis.com  
speechs3proto2-pa.googleapis.com  
taskassist-pa.googleapis.com  
update.googleapis.com  
www.googleapis.com 
android.googleapis.com 
# Copilot / Bing  
bing.com  
bing.net  
bingapis.com  
bingclientmsa.sapphire.microsoftapp.net  
edge.microsoft.com  
edgeservices.bing.com  
gateway.bingviz.microsoftapp.net  
img-s-msn-com.akamaized.net  
in.appcenter.ms  
login.microsoftonline.com  
mobile.events.data.microsoft.com  
prod.rewardsplatform.microsoft.com  
prod-switzerlandnorth.access-point.cloudmessaging.edge.microsoft.com  
sapphire.api.microsoftapp.net  
self.events.data.microsoft.com  
copilot.microsoft.com  
ssl.bing.com  
superapp.msn.com  
th.bing.com  
sydney.bing.com  
www.bing.com  
www.bingapis.com  
www.msn.com  
api.msn.com  
assets.msn.com  
c.msn.com  
prod-streaming-video-msn-com.akamaized.net  
location.microsoft.com  
prod-japaneast.access-point.cloudmessaging.edge.microsoft.com  
swiftkey.com  
data.swiftkey.com  
# Other  
claude.ai  
www.notion.so
ai-chat.bsg.brave.com
#Lampa
cub.red
#gemini
standby.cub.red
googleapis.ru
www.googleapis.com
speechs3proto2-pa.googleapis.com
firebaseinstallations.googleapis.com
proactivebackend-pa.googleapis.com
geller-pa.googleapis.com
android.clients.google.com
android.com
dl.google.com
dl-ssl.google.com
ggpht.com
google-analytics.com
googleusercontent.com
gstatic.com 
gvt1.com
gvt2.com
gvt3.com
play.google.com
